=============================================================
Plan with indexes:
=============================================================
SortMergeJoin [Col1#], [Col1#], Inner
<----:- *(1) Project [Col1#, Col2#]---->
<----:  +- *(1) Filter isnotnull(Col1#)---->
<----:     +- *(1) ColumnarToRow---->
<----:        +- FileScan Hyperspace(Type: CI, Name: joinIndex, LogVersion: 1) [Col1#,Col2#] Batched: true, DataFilters: [isnotnull(Col1#)], Format: Parquet, Location: $joinIndexLocation, PartitionFilters: [], PushedFilters: [IsNotNull(Col1)], ReadSchema: struct<Col1:string,Col2:int>, SelectedBucketsCount: 200 out of 200---->
<----+- *(2) Project [Col1#, Col2#]---->
   <----+- *(2) Filter isnotnull(Col1#)---->
      <----+- *(2) ColumnarToRow---->
         <----+- FileScan Hyperspace(Type: CI, Name: joinIndex, LogVersion: 1) [Col1#,Col2#] Batched: true, DataFilters: [isnotnull(Col1#)], Format: Parquet, Location: $joinIndexLocation, PartitionFilters: [], PushedFilters: [IsNotNull(Col1)], ReadSchema: struct<Col1:string,Col2:int>, SelectedBucketsCount: 200 out of 200---->

=============================================================
Plan without indexes:
=============================================================
SortMergeJoin [Col1#], [Col1#], Inner
<----:- *(1) Sort [Col1# ASC NULLS FIRST], false, 0---->
<----:  +- *(1) Project [Col1#, Col2#]---->
<----:     +- *(1) Filter isnotnull(Col1#)---->
<----:        +- BatchScan[Col1#, Col2#] $icebergPath [filters=Col1 IS NOT NULL]---->
<----+- *(2) Sort [Col1# ASC NULLS FIRST], false, 0---->
   <----+- *(2) Project [Col1#, Col2#]---->
      <----+- *(2) Filter isnotnull(Col1#)---->
         <----+- BatchScan[Col1#, Col2#] $icebergPath [filters=Col1 IS NOT NULL]---->

=============================================================
Indexes used:
=============================================================
joinIndex:$joinIndexPath

=============================================================
Physical operator stats:
=============================================================
+----------------------------------------------------------+-------------------+------------------+----------+
|                                         Physical Operator|Hyperspace Disabled|Hyperspace Enabled|Difference|
+----------------------------------------------------------+-------------------+------------------+----------+
|                                                *BatchScan|                  2|                 0|        -2|
|                                            *ColumnarToRow|                  0|                 2|         2|
|*Scan Hyperspace(Type: CI, Name: joinIndex, LogVersion: 1)|                  0|                 2|         2|
|                                                     *Sort|                  2|                 0|        -2|
|                                                    Filter|                  2|                 2|         0|
|                                              InputAdapter|                  4|                 4|         0|
|                                                   Project|                  2|                 2|         0|
|                                             SortMergeJoin|                  1|                 1|         0|
|                                     WholeStageCodegen (1)|                  1|                 1|         0|
|                                     WholeStageCodegen (2)|                  1|                 1|         0|
|                                     WholeStageCodegen (3)|                  1|                 1|         0|
+----------------------------------------------------------+-------------------+------------------+----------+

=============================================================
Applicable indexes:
=============================================================
Plan without Hyperspace:

00 Join Inner, (Col1# = Col1#)
01 :- Filter isnotnull(Col1#)
02 :  +- RelationV2[Col1#, Col2#] $icebergPath
03 +- Filter isnotnull(Col1#)
04    +- RelationV2[Col1#, Col2#] $icebergPath

+----------+---------+---------+---------------+
|SubPlan   |IndexName|IndexType|RuleName       |
+----------+---------+---------+---------------+
|Filter @ 1|joinIndex|CI       |FilterIndexRule|
|Filter @ 3|joinIndex|CI       |FilterIndexRule|
|Join @ 0  |joinIndex|CI       |JoinIndexRule  |
+----------+---------+---------+---------------+

