=============================================================
Plan with indexes:
=============================================================
SortMergeJoin [Col1#], [Col1#], Inner
<----:- *(1) Project [Col1#, Col2#]---->
<----:  +- *(1) Filter isnotnull(Col1#)---->
<----:     +- *(1) FileScan Hyperspace(Type: CI, Name: joinIndex, LogVersion: 1) [Col1#,Col2#] Batched: true, Format: Parquet, Location: $joinIndexLocation, PartitionFilters: [], PushedFilters: [IsNotNull(Col1)], ReadSchema: struct<Col1:string,Col2:int>, SelectedBucketsCount: 200 out of 200---->
<----+- *(2) Project [Col1#, Col2#]---->
   <----+- *(2) Filter isnotnull(Col1#)---->
      <----+- *(2) FileScan Hyperspace(Type: CI, Name: joinIndex, LogVersion: 1) [Col1#,Col2#] Batched: true, Format: Parquet, Location: $joinIndexLocation, PartitionFilters: [], PushedFilters: [IsNotNull(Col1)], ReadSchema: struct<Col1:string,Col2:int>, SelectedBucketsCount: 200 out of 200---->

=============================================================
Plan without indexes:
=============================================================
SortMergeJoin [Col1#], [Col1#], Inner
<----:- *(1) Sort [Col1# ASC NULLS FIRST], false, 0---->
<----:  +- *(1) Project [Col1#, Col2#]---->
<----:     +- *(1) Filter isnotnull(Col1#)---->
<----:        +- *(1) ScanV2 iceberg[Col1#, Col2#] (Filters: [isnotnull(Col1#)], Options: $icebergOptions)---->
<----+- *(2) Sort [Col1# ASC NULLS FIRST], false, 0---->
   <----+- *(2) Project [Col1#, Col2#]---->
      <----+- *(2) Filter isnotnull(Col1#)---->
         <----+- *(2) ScanV2 iceberg[Col1#, Col2#] (Filters: [isnotnull(Col1#)], Options: $icebergOptions)---->

=============================================================
Indexes used:
=============================================================
joinIndex:$joinIndexPath

=============================================================
Physical operator stats:
=============================================================
+----------------------------------------------------------+-------------------+------------------+----------+
|                                         Physical Operator|Hyperspace Disabled|Hyperspace Enabled|Difference|
+----------------------------------------------------------+-------------------+------------------+----------+
|                                         *DataSourceV2Scan|                  2|                 0|        -2|
|*Scan Hyperspace(Type: CI, Name: joinIndex, LogVersion: 1)|                  0|                 2|         2|
|                                                     *Sort|                  2|                 0|        -2|
|                                                    Filter|                  2|                 2|         0|
|                                              InputAdapter|                  2|                 2|         0|
|                                                   Project|                  2|                 2|         0|
|                                             SortMergeJoin|                  1|                 1|         0|
|                                         WholeStageCodegen|                  3|                 3|         0|
+----------------------------------------------------------+-------------------+------------------+----------+

=============================================================
Applicable indexes:
=============================================================
Plan without Hyperspace:

00 Join Inner, (Col1# = Col1#)
01 :- Filter isnotnull(Col1#)
02 :  +- RelationV2 iceberg[Col1#, Col2#] (Options: $icebergOptions)
03 +- Filter isnotnull(Col1#)
04    +- RelationV2 iceberg[Col1#, Col2#] (Options: $icebergOptions)

+---------+---------+---------+---------------+
|SubPlan  |IndexName|IndexType|RuleName       |
+---------+---------+---------+---------------+
|Filter @1|joinIndex|CI       |FilterIndexRule|
|Filter @3|joinIndex|CI       |FilterIndexRule|
|Join @0  |joinIndex|CI       |JoinIndexRule  |
+---------+---------+---------+---------------+

