=============================================================
Plan with indexes:
=============================================================
SortMergeJoin [Col1#], [Col1#], Inner
<----:- *(1) Project [Col1#, Col2#]---->
<----:  +- *(1) Filter isnotnull(Col1#)---->
<----:     +- *(1) FileScan Hyperspace(Type: CI, Name: joinIndex, LogVersion: 1) [Col1#,Col2#] Batched: true, Format: Parquet, Location: $joinIndexLocation, PartitionFilters: [], PushedFilters: [IsNotNull(Col1)], ReadSchema: struct<Col1:string,Col2:int>, SelectedBucketsCount: 200 out of 200---->
<----+- *(2) Project [Col1#, Col2#]---->
   <----+- *(2) Filter isnotnull(Col1#)---->
      <----+- *(2) FileScan Hyperspace(Type: CI, Name: joinIndex, LogVersion: 1) [Col1#,Col2#] Batched: true, Format: Parquet, Location: $joinIndexLocation, PartitionFilters: [], PushedFilters: [IsNotNull(Col1)], ReadSchema: struct<Col1:string,Col2:int>, SelectedBucketsCount: 200 out of 200---->

=============================================================
Plan without indexes:
=============================================================
SortMergeJoin [Col1#], [Col1#], Inner
<----:- *(2) Sort [Col1# ASC NULLS FIRST], false, 0---->
<----:  +- Exchange hashpartitioning(Col1#, 5)---->
<----:     +- *(1) Project [Col1#, Col2#]---->
<----:        +- *(1) Filter isnotnull(Col1#)---->
<----:           +- *(1) FileScan parquet [Col1#,Col2#] Batched: true, Format: Parquet, Location: $sampleParquetDataLocation, PartitionFilters: [], PushedFilters: [IsNotNull(Col1)], ReadSchema: struct<Col1:string,Col2:int>---->
<----+- *(4) Sort [Col1# ASC NULLS FIRST], false, 0---->
   <----+- ReusedExchange [Col1#, Col2#], Exchange hashpartitioning(Col1#, 5)---->

=============================================================
Indexes used:
=============================================================
joinIndex:$joinIndexPath

=============================================================
Physical operator stats:
=============================================================
+----------------------------------------------------------+-------------------+------------------+----------+
|                                         Physical Operator|Hyperspace Disabled|Hyperspace Enabled|Difference|
+----------------------------------------------------------+-------------------+------------------+----------+
|                                                   *Filter|                  1|                 2|         1|
|                                             *InputAdapter|                  4|                 2|        -2|
|                                                  *Project|                  1|                 2|         1|
|                                           *ReusedExchange|                  1|                 0|        -1|
|*Scan Hyperspace(Type: CI, Name: joinIndex, LogVersion: 1)|                  0|                 2|         2|
|                                             *Scan parquet|                  1|                 0|        -1|
|                                          *ShuffleExchange|                  1|                 0|        -1|
|                                                     *Sort|                  2|                 0|        -2|
|                                        *WholeStageCodegen|                  4|                 3|        -1|
|                                             SortMergeJoin|                  1|                 1|         0|
+----------------------------------------------------------+-------------------+------------------+----------+

