=============================================================
Plan with indexes:
=============================================================
Project [Col1#]
+- Filter (isnotnull(Col1#) && (Col1# = Subquery subquery145))
   :  +- Subquery subquery145
   :     +- *(1) Project [Col1#]
   :        +- *(1) Filter (isnotnull(Col2#) && (Col2# = 1))
   <----:           +- *(1) FileScan Hyperspace(Type: CI, Name: filterIndex, LogVersion: 1) [Col2#,Col1#] Batched: true, Format: Parquet, Location: $filterIndexLocation, PartitionFilters: [], PushedFilters: [IsNotNull(Col2), EqualTo(Col2,1)], ReadSchema: struct<Col2:int,Col1:string>---->
   +- FileScan parquet [Col1#] Batched: true, Format: Parquet, Location: $sampleParquetDataLocation, PartitionFilters: [], PushedFilters: [IsNotNull(Col1)], ReadSchema: struct<Col1:string>
         +- Subquery subquery145
            +- *(1) Project [Col1#]
               +- *(1) Filter (isnotnull(Col2#) && (Col2# = 1))
                  <----+- *(1) FileScan Hyperspace(Type: CI, Name: filterIndex, LogVersion: 1) [Col2#,Col1#] Batched: true, Format: Parquet, Location: $filterIndexLocation, PartitionFilters: [], PushedFilters: [IsNotNull(Col2), EqualTo(Col2,1)], ReadSchema: struct<Col2:int,Col1:string>---->

=============================================================
Plan without indexes:
=============================================================
Project [Col1#]
+- Filter (isnotnull(Col1#) && (Col1# = Subquery subquery145))
   :  +- Subquery subquery145
   :     +- *(1) Project [Col1#]
   :        +- *(1) Filter (isnotnull(Col2#) && (Col2# = 1))
   <----:           +- *(1) FileScan parquet [Col1#,Col2#] Batched: true, Format: Parquet, Location: $sampleParquetDataLocation, PartitionFilters: [], PushedFilters: [IsNotNull(Col2), EqualTo(Col2,1)], ReadSchema: struct<Col1:string,Col2:int>---->
   +- FileScan parquet [Col1#] Batched: true, Format: Parquet, Location: $sampleParquetDataLocation, PartitionFilters: [], PushedFilters: [IsNotNull(Col1)], ReadSchema: struct<Col1:string>
         +- Subquery subquery145
            +- *(1) Project [Col1#]
               +- *(1) Filter (isnotnull(Col2#) && (Col2# = 1))
                  <----+- *(1) FileScan parquet [Col1#,Col2#] Batched: true, Format: Parquet, Location: $sampleParquetDataLocation, PartitionFilters: [], PushedFilters: [IsNotNull(Col2), EqualTo(Col2,1)], ReadSchema: struct<Col1:string,Col2:int>---->

=============================================================
Indexes used:
=============================================================
filterIndex:$filterIndexPath

=============================================================
Physical operator stats:
=============================================================
+-----------------+-------------------+------------------+----------+
|Physical Operator|Hyperspace Disabled|Hyperspace Enabled|Difference|
+-----------------+-------------------+------------------+----------+
|           Filter|                  1|                 1|         0|
|          Project|                  1|                 1|         0|
|     Scan parquet|                  1|                 1|         0|
|WholeStageCodegen|                  1|                 1|         0|
+-----------------+-------------------+------------------+----------+

=============================================================
Applicable indexes:
=============================================================
No applicable indexes. Try hyperspace.whyNot()
