=============================================================
Plan with indexes:
=============================================================
SortMergeJoin [Col1#], [Col1#], Inner
<----:- *(1) Filter isnotnull(Col1#)---->
<----:  +- *(1) ColumnarToRow---->
<----:     +- FileScan Hyperspace(Type: CI, Name: joinIndex, LogVersion: 1) [Col1#,Col2#] Batched: true, DataFilters: [isnotnull(Col1#)], Format: Parquet, Location: $joinIndexLocation, PartitionFilters: [], PushedFilters: [IsNotNull(Col1)], ReadSchema: struct<Col1:string,Col2:int>, SelectedBucketsCount: 200 out of 200---->
<----+- *(2) Filter isnotnull(Col1#)---->
   <----+- *(2) ColumnarToRow---->
      <----+- FileScan Hyperspace(Type: CI, Name: joinIndex, LogVersion: 1) [Col1#,Col2#] Batched: true, DataFilters: [isnotnull(Col1#)], Format: Parquet, Location: $joinIndexLocation, PartitionFilters: [], PushedFilters: [IsNotNull(Col1)], ReadSchema: struct<Col1:string,Col2:int>, SelectedBucketsCount: 200 out of 200---->

=============================================================
Plan without indexes:
=============================================================
SortMergeJoin [Col1#], [Col1#], Inner
<----:- *(2) Sort [Col1# ASC NULLS FIRST], false, 0---->
<----:  +- Exchange hashpartitioning(Col1#, 5), ENSURE_REQUIREMENTS, [id=#]---->
<----:     +- *(1) Filter isnotnull(Col1#)---->
<----:        +- *(1) ColumnarToRow---->
<----:           +- FileScan parquet [Col1#,Col2#] Batched: true, DataFilters: [isnotnull(Col1#)], Format: Parquet, Location: $sampleParquetDataLocation, PartitionFilters: [], PushedFilters: [IsNotNull(Col1)], ReadSchema: struct<Col1:string,Col2:int>---->
<----+- *(4) Sort [Col1# ASC NULLS FIRST], false, 0---->
   <----+- ReusedExchange [Col1#, Col2#], Exchange hashpartitioning(Col1#, 5), ENSURE_REQUIREMENTS, [id=#]---->

=============================================================
Indexes used:
=============================================================
joinIndex:$joinIndexPath

=============================================================
Physical operator stats:
=============================================================
+----------------------------------------------------------+-------------------+------------------+----------+
|                                         Physical Operator|Hyperspace Disabled|Hyperspace Enabled|Difference|
+----------------------------------------------------------+-------------------+------------------+----------+
|                                            *ColumnarToRow|                  1|                 2|         1|
|                                                   *Filter|                  1|                 2|         1|
|                                             *InputAdapter|                  5|                 4|        -1|
|                                           *ReusedExchange|                  1|                 0|        -1|
|*Scan Hyperspace(Type: CI, Name: joinIndex, LogVersion: 1)|                  0|                 2|         2|
|                                             *Scan parquet|                  1|                 0|        -1|
|                                          *ShuffleExchange|                  1|                 0|        -1|
|                                                     *Sort|                  2|                 0|        -2|
|                                    *WholeStageCodegen (3)|                  0|                 1|         1|
|                                    *WholeStageCodegen (4)|                  1|                 0|        -1|
|                                    *WholeStageCodegen (5)|                  1|                 0|        -1|
|                                             SortMergeJoin|                  1|                 1|         0|
|                                     WholeStageCodegen (1)|                  1|                 1|         0|
|                                     WholeStageCodegen (2)|                  1|                 1|         0|
+----------------------------------------------------------+-------------------+------------------+----------+

=============================================================
Applicable indexes:
=============================================================
Plan without Hyperspace:

00 Join Inner, (Col1# = Col1#)
01 :- Filter isnotnull(Col1#)
02 :  +- Relation[Col1#,Col2#] parquet
03 +- Filter isnotnull(Col1#)
04    +- Relation[Col1#,Col2#] parquet

+---------+---------+---------+---------------+
|SubPlan  |IndexName|IndexType|RuleName       |
+---------+---------+---------+---------------+
|Filter @1|joinIndex|CI       |FilterIndexRule|
|Filter @3|joinIndex|CI       |FilterIndexRule|
|Join @0  |joinIndex|CI       |JoinIndexRule  |
+---------+---------+---------+---------------+

